// Vitest Snapshot v1, https://vitest.dev/guide/snapshot.html

exports[`loads notifications properly 1`] = `
{
  "/app/dev/notifications/unread/Unraid_Parity_check_1683971161.notify": {
    "description": "Canceled",
    "id": "/app/dev/notifications/unread/Unraid_Parity_check_1683971161.notify",
    "importance": "WARNING",
    "link": undefined,
    "subject": "Notice [UNRAID] - Parity check finished (0 errors)",
    "timestamp": "2023-05-13T09:46:01.000Z",
    "title": "Unraid Parity check",
    "type": "UNREAD",
  },
  "/app/dev/notifications/unread/Unraid_Server_Alert_1683570896.notify": {
    "description": "Power failure on UPS Unraid. Running on batteries.",
    "id": "/app/dev/notifications/unread/Unraid_Server_Alert_1683570896.notify",
    "importance": "ALERT",
    "link": undefined,
    "subject": "UPS Alert",
    "timestamp": "2023-05-08T18:34:56.000Z",
    "title": "Unraid Server Alert",
    "type": "UNREAD",
  },
  "/app/dev/notifications/unread/Unraid_Server_Alert_1683570945.notify": {
    "description": "Communications restored with UPS Unraid",
    "id": "/app/dev/notifications/unread/Unraid_Server_Alert_1683570945.notify",
    "importance": "INFO",
    "link": undefined,
    "subject": "UPS Alert",
    "timestamp": "2023-05-08T18:35:45.000Z",
    "title": "Unraid Server Alert",
    "type": "UNREAD",
  },
  "/app/dev/notifications/unread/Unraid_Server_Alert_1683570980.notify": {
    "description": "Communications restored with UPS Unraid",
    "id": "/app/dev/notifications/unread/Unraid_Server_Alert_1683570980.notify",
    "importance": "INFO",
    "link": undefined,
    "subject": "UPS Alert",
    "timestamp": "2023-05-08T18:36:20.000Z",
    "title": "Unraid Server Alert",
    "type": "UNREAD",
  },
  "/app/dev/notifications/unread/Unraid_Server_Alert_1683571299.notify": {
    "description": "Communications restored with UPS Unraid",
    "id": "/app/dev/notifications/unread/Unraid_Server_Alert_1683571299.notify",
    "importance": "INFO",
    "link": undefined,
    "subject": "UPS Alert",
    "timestamp": "2023-05-08T18:41:39.000Z",
    "title": "Unraid Server Alert",
    "type": "UNREAD",
  },
  "/app/dev/notifications/unread/Unraid_Server_Alert_1683571468.notify": {
    "description": "Communications restored with UPS Unraid",
    "id": "/app/dev/notifications/unread/Unraid_Server_Alert_1683571468.notify",
    "importance": "INFO",
    "link": undefined,
    "subject": "UPS Alert",
    "timestamp": "2023-05-08T18:44:28.000Z",
    "title": "Unraid Server Alert",
    "type": "UNREAD",
  },
  "/app/dev/notifications/unread/Unraid_Server_Alert_1683571535.notify": {
    "description": "Communications restored with UPS Unraid",
    "id": "/app/dev/notifications/unread/Unraid_Server_Alert_1683571535.notify",
    "importance": "INFO",
    "link": undefined,
    "subject": "UPS Alert",
    "timestamp": "2023-05-08T18:45:35.000Z",
    "title": "Unraid Server Alert",
    "type": "UNREAD",
  },
  "/app/dev/notifications/unread/Unraid_Server_Alert_1683571565.notify": {
    "description": "Communications restored with UPS Unraid",
    "id": "/app/dev/notifications/unread/Unraid_Server_Alert_1683571565.notify",
    "importance": "INFO",
    "link": undefined,
    "subject": "UPS Alert",
    "timestamp": "2023-05-08T18:46:05.000Z",
    "title": "Unraid Server Alert",
    "type": "UNREAD",
  },
  "/app/dev/notifications/unread/Unraid_Status_1683260401.notify": {
    "description": "Array has 9 disks (including parity & pools)",
    "id": "/app/dev/notifications/unread/Unraid_Status_1683260401.notify",
    "importance": "INFO",
    "link": undefined,
    "subject": "Notice [UNRAID] - array health report [PASS]",
    "timestamp": "2023-05-05T04:20:01.000Z",
    "title": "Unraid Status",
    "type": "UNREAD",
  },
  "/app/dev/notifications/unread/Unraid_Status_1683346801.notify": {
    "description": "Array has 9 disks (including parity & pools)",
    "id": "/app/dev/notifications/unread/Unraid_Status_1683346801.notify",
    "importance": "INFO",
    "link": undefined,
    "subject": "Notice [UNRAID] - array health report [PASS]",
    "timestamp": "2023-05-06T04:20:01.000Z",
    "title": "Unraid Status",
    "type": "UNREAD",
  },
  "/app/dev/notifications/unread/Unraid_Status_1683433201.notify": {
    "description": "Array has 9 disks (including parity & pools)",
    "id": "/app/dev/notifications/unread/Unraid_Status_1683433201.notify",
    "importance": "INFO",
    "link": undefined,
    "subject": "Notice [UNRAID] - array health report [PASS]",
    "timestamp": "2023-05-07T04:20:01.000Z",
    "title": "Unraid Status",
    "type": "UNREAD",
  },
  "/app/dev/notifications/unread/Unraid_Status_1683519601.notify": {
    "description": "Array has 9 disks (including parity & pools)",
    "id": "/app/dev/notifications/unread/Unraid_Status_1683519601.notify",
    "importance": "INFO",
    "link": undefined,
    "subject": "Notice [UNRAID] - array health report [PASS]",
    "timestamp": "2023-05-08T04:20:01.000Z",
    "title": "Unraid Status",
    "type": "UNREAD",
  },
  "/app/dev/notifications/unread/Unraid_Status_1683606001.notify": {
    "description": "Array has 9 disks (including parity & pools)",
    "id": "/app/dev/notifications/unread/Unraid_Status_1683606001.notify",
    "importance": "INFO",
    "link": undefined,
    "subject": "Notice [UNRAID] - array health report [PASS]",
    "timestamp": "2023-05-09T04:20:01.000Z",
    "title": "Unraid Status",
    "type": "UNREAD",
  },
  "/app/dev/notifications/unread/Unraid_Status_1683692401.notify": {
    "description": "Array has 9 disks (including parity & pools)",
    "id": "/app/dev/notifications/unread/Unraid_Status_1683692401.notify",
    "importance": "INFO",
    "link": undefined,
    "subject": "Notice [UNRAID] - array health report [PASS]",
    "timestamp": "2023-05-10T04:20:01.000Z",
    "title": "Unraid Status",
    "type": "UNREAD",
  },
  "/app/dev/notifications/unread/Unraid_Status_1683778802.notify": {
    "description": "Array has 9 disks (including parity & pools)",
    "id": "/app/dev/notifications/unread/Unraid_Status_1683778802.notify",
    "importance": "INFO",
    "link": undefined,
    "subject": "Notice [UNRAID] - array health report [PASS]",
    "timestamp": "2023-05-11T04:20:02.000Z",
    "title": "Unraid Status",
    "type": "UNREAD",
  },
  "/app/dev/notifications/unread/Unraid_Status_1683865201.notify": {
    "description": "Array has 9 disks (including parity & pools)",
    "id": "/app/dev/notifications/unread/Unraid_Status_1683865201.notify",
    "importance": "INFO",
    "link": undefined,
    "subject": "Notice [UNRAID] - array health report [PASS]",
    "timestamp": "2023-05-12T04:20:01.000Z",
    "title": "Unraid Status",
    "type": "UNREAD",
  },
  "/app/dev/notifications/unread/Unraid_Status_1683951601.notify": {
    "description": "Array has 9 disks (including parity & pools)",
    "id": "/app/dev/notifications/unread/Unraid_Status_1683951601.notify",
    "importance": "INFO",
    "link": undefined,
    "subject": "Notice [UNRAID] - array health report [PASS]",
    "timestamp": "2023-05-13T04:20:01.000Z",
    "title": "Unraid Status",
    "type": "UNREAD",
  },
  "/app/dev/notifications/unread/Unraid_Status_1684038001.notify": {
    "description": "Array has 9 disks (including parity & pools)",
    "id": "/app/dev/notifications/unread/Unraid_Status_1684038001.notify",
    "importance": "INFO",
    "link": undefined,
    "subject": "Notice [UNRAID] - array health report [PASS]",
    "timestamp": "2023-05-14T04:20:01.000Z",
    "title": "Unraid Status",
    "type": "UNREAD",
  },
  "/app/dev/notifications/unread/Unraid_Status_1684124401.notify": {
    "description": "Array has 9 disks (including parity & pools)",
    "id": "/app/dev/notifications/unread/Unraid_Status_1684124401.notify",
    "importance": "INFO",
    "link": undefined,
    "subject": "Notice [UNRAID] - array health report [PASS]",
    "timestamp": "2023-05-15T04:20:01.000Z",
    "title": "Unraid Status",
    "type": "UNREAD",
  },
}
`;
