// Vitest Snapshot v1, https://vitest.dev/guide/snapshot.html

exports[`Returns paths 1`] = `
[
  "core",
  "unraid-api-base",
  "unraid-data",
  "docker-autostart",
  "docker-socket",
  "parity-checks",
  "htpasswd",
  "emhttpd-socket",
  "states",
  "dynamix-base",
  "dynamixCaseModelConfig",
  "dynamix-config",
  "myservers-base",
  "myservers-config",
  "myservers-config-states",
  "myservers-env",
  "myservers-keepalive",
  "keyfile-base",
  "machine-id",
  "log-base",
  "unraid-log-base",
  "var-run",
  "auth-sessions",
  "auth-keys",
  "passwd",
  "libvirt-pid",
  "activationBase",
  "webguiImagesBase",
  "identConfig",
  "activationAssets",
  "partnerLogoSource",
  "partnerLogoTarget",
  "caseModelSource",
  "caseModelTarget",
  "partnerBannerSource",
  "partnerBannerTarget",
]
`;

exports[`Returns paths 2`] = `
[
  StringContaining "api/api/src/store/modules",
  "/usr/local/unraid-api/",
  StringContaining "api/api/dev/data",
  "/var/lib/docker/unraid-autostart",
  "/var/run/docker.sock",
  StringContaining "api/api/dev/states/parity-checks.log",
  "/etc/nginx/htpasswd",
  "/var/run/emhttpd.socket",
  StringContaining "api/api/dev/states",
  StringContaining "api/api/dev/dynamix",
  "/boot/config/plugins/dynamix/case-model.cfg",
  [
    StringContaining "api/api/dev/dynamix/default.cfg",
    StringContaining "api/api/dev/dynamix/dynamix.cfg",
  ],
  "/boot/config/plugins/dynamix.my.servers/",
  StringContaining "api/api/dev/Unraid.net/myservers.cfg",
  StringContaining "api/api/dev/states/myservers.cfg",
  "/boot/config/plugins/dynamix.my.servers/env",
  "./dev/Unraid.net/fb_keepalive",
  StringContaining "api/api/dev/Unraid.net",
  StringContaining "api/api/dev/data/machine-id",
  "/var/log/unraid-api",
  "/var/log",
  "/var/run",
  "./dev/sessions",
  StringContaining "api/api/dev/keys",
  StringContaining "api/api/dev/passwd",
  "/var/run/libvirt/libvirtd.pid",
  StringContaining "api/api/dev/activation",
  "/usr/local/emhttp/webGui/images",
  "/boot/config/ident.cfg",
  StringContaining "api/api/dev/activation/assets",
  StringContaining "api/api/dev/activation/assets/logo.svg",
  "/usr/local/emhttp/webGui/images/partner-logo.svg",
  StringContaining "api/api/dev/activation/assets/case-model.png",
  "/usr/local/emhttp/webGui/images/case-model.png",
  StringContaining "api/api/dev/activation/assets/banner.png",
  "/usr/local/emhttp/webGui/images/banner.png",
]
`;
